
> preview
> node scripts/with-app-env.mjs vite preview


 ╭────────── [Build Info] ─────────────╮
 │                                     │
 │  - Build Directory: .vercel/output  │
 │  - Date: 10/2/2026, 1:28:26 PM      │
 │  - Nitro Version: 3.0.260610-beta   │
 │  - Nitro Preset: vercel             │
 │                                     │
 ╰─────────────────────────────────────╯

  ➜  Local:   http://127.0.0.1:8081/

> preview
> node scripts/with-app-env.mjs vite preview


 ╭────────── [Build Info] ─────────────╮
 │                                     │
 │  - Build Directory: .vercel/output  │
 │  - Date: 10/2/2026, 1:28:26 PM      │
 │  - Nitro Version: 3.0.260610-beta   │
 │  - Nitro Preset: vercel             │
 │                                     │
 ╰─────────────────────────────────────╯

  ➜  Local:   http://127.0.0.1:8081/

> preview
> node scripts/with-app-env.mjs vite preview


 ╭────────── [Build Info] ─────────────╮
 │                                     │
 │  - Build Directory: .vercel/output  │
 │  - Date: 10/2/2026, 1:31:10 PM      │
 │  - Nitro Version: 3.0.260610-beta   │
 │  - Nitro Preset: vercel             │
 │                                     │
 ╰─────────────────────────────────────╯

  ➜  Local:   http://127.0.0.1:8081/
